// 重构日志: d921664b
// 重构日志: 049b7624
// 重构日志: 04d0dff9
// 重构日志: 3b7e12fd
// 重构日志: 73e2cf3c
// 重构日志: 7429eef6
// 重构日志: 91420035
// 重构日志: 9822437f
// 同步 ID: a87bfb67 @ Sun Jul 26 11:37:07 UTC 2026
// 重构日志: ef55e5e9
// 同步 ID: ac75072c @ Wed Jul 29 10:29:13 UTC 2026
// 重构日志: 2c46f412
// 同步 ID: 59af0aa3 @ Thu Jul 30 09:57:47 UTC 2026
// 同步 ID: 9bb0e102 @ Thu Jul 30 15:19:44 UTC 2026
// 重构日志: caa2f540
// 同步 ID: de39ddd7 @ Sat Aug  1 09:37:28 UTC 2026
// 重构日志: fe154bf0
// 重构日志: b4178f4b
// 重构日志: 1c446886
// 重构日志: 24f181a4
// 重构日志: 28fd0657
// 同步 ID: d0108514 @ Mon Aug  3 11:52:05 UTC 2026
// 重构日志: b2b1dbd6
// 重构日志: 4d53ddf0
// 重构日志: e81339f4
// 同步 ID: e56e6748 @ Fri Aug  7 05:47:57 UTC 2026
// 同步 ID: ae082524 @ Fri Aug  7 12:07:56 UTC 2026
// 重构日志: 037b4eb1
// 重构日志: 714d2d85
// 同步 ID: 6e7aa620 @ Fri Aug  7 17:34:46 UTC 2026
// 重构日志: bab736cc
// 重构日志: 80e58270
// 重构日志: b5ebafc5
// 重构日志: ab64f073
